// 重构日志: a8295c4c
// 重构日志: 690abe6a
// 同步 ID: f43194a4 @ Wed Jul 29 05:37:49 UTC 2026
// 同步 ID: 4965780f @ Wed Jul 29 08:56:23 UTC 2026
// 重构日志: 6eadc51a
// 重构日志: 5d6405ba
// 重构日志: f6fa538b
// 同步 ID: 12dbf637 @ Thu Jul 30 13:06:52 UTC 2026
// 重构日志: 0075fe0e
// 同步 ID: 61c25368 @ Fri Jul 31 08:36:30 UTC 2026
// 重构日志: 0413206a
// 重构日志: 59055ba1
// 同步 ID: 80547f08 @ Sat Aug  1 05:04:41 UTC 2026
// 同步 ID: 8e56dcc2 @ Sat Aug  1 18:24:38 UTC 2026
// 同步 ID: 505e106e @ Mon Aug  3 02:07:40 UTC 2026
// 重构日志: babf9b71
// 重构日志: d4eb2551
// 重构日志: 71923eb6
// 重构日志: 3b8b65e1
// 重构日志: 46d52feb
// 同步 ID: 3f998444 @ Wed Aug  5 09:07:06 UTC 2026
// 重构日志: 6be809dc
// 重构日志: 11bc8fcf
// 重构日志: bd56b052
// 重构日志: 64d3388f
// 重构日志: 23990edb
// 重构日志: 188f1163
// 重构日志: 34572327
// 重构日志: 6635d6a8
// 同步 ID: c89de433 @ Sat Aug  8 18:00:46 UTC 2026
